==================================================================
  Dựng môi trường Squeezed Attention
  Repo:      /workspace/sa
  Workspace: /workspace
==================================================================

>>> [0] Phần cứng
0, NVIDIA A100-SXM4-80GB, 81920 MiB, 580.126.16
    CUDA major = 12

>>> [1] Thư mục trên volume (dữ liệu phải nằm ngoài container disk)
    đã ghi /workspace/env.sh
mfs#us-md-1.runpod.net:9421  404T  278T  127T  69% /workspace

>>> [2] PyTorch 2.3.1 (CUDA 12.1)
    đang có '2.8.0+cu128' -> cài 2.3.1
ERROR: pip's dependency resolver does not currently take into account all the packages that are installed. This behaviour is the source of the following dependency conflicts.
torchaudio 2.8.0+cu128 requires torch==2.8.0, but you have torch 2.3.1+cu121 which is incompatible.
torchvision 0.23.0+cu128 requires torch==2.8.0, but you have torch 2.3.1+cu121 which is incompatible.
    torch 2.3.1+cu121 | cuda 12.1 | available=True | cxx11abi=False
    triton 3.4.0
    [!!] Triton 3.x: kernel dùng tl.math.exp2 (API 2.x) rất có thể sẽ lỗi
         khi biên dịch. Hạ torch: TORCH_VERSION=2.3.1 bash scripts/setup_pod.sh

>>> [3] flash-attn
    thử wheel dựng sẵn; nếu trượt sẽ build từ nguồn (chậm)

>>> [4] cuML + CuPy (RAPIDS)
ERROR: pip's dependency resolver does not currently take into account all the packages that are installed. This behaviour is the source of the following dependency conflicts.
torch 2.3.1+cu121 requires nvidia-cublas-cu12==12.1.3.1; platform_system == "Linux" and platform_machine == "x86_64", but you have nvidia-cublas-cu12 12.9.2.10 which is incompatible.
torch 2.3.1+cu121 requires nvidia-cuda-nvrtc-cu12==12.1.105; platform_system == "Linux" and platform_machine == "x86_64", but you have nvidia-cuda-nvrtc-cu12 12.9.86 which is incompatible.
torch 2.3.1+cu121 requires nvidia-cuda-runtime-cu12==12.1.105; platform_system == "Linux" and platform_machine == "x86_64", but you have nvidia-cuda-runtime-cu12 12.9.79 which is incompatible.
torch 2.3.1+cu121 requires nvidia-cufft-cu12==11.0.2.54; platform_system == "Linux" and platform_machine == "x86_64", but you have nvidia-cufft-cu12 11.4.1.4 which is incompatible.
torch 2.3.1+cu121 requires nvidia-curand-cu12==10.3.2.106; platform_system == "Linux" and platform_machine == "x86_64", but you have nvidia-curand-cu12 10.3.10.19 which is incompatible.
torch 2.3.1+cu121 requires nvidia-cusolver-cu12==11.4.5.107; platform_system == "Linux" and platform_machine == "x86_64", but you have nvidia-cusolver-cu12 11.7.5.82 which is incompatible.
torch 2.3.1+cu121 requires nvidia-cusparse-cu12==12.1.0.106; platform_system == "Linux" and platform_machine == "x86_64", but you have nvidia-cusparse-cu12 12.5.10.65 which is incompatible.
torchaudio 2.8.0+cu128 requires torch==2.8.0, but you have torch 2.3.1+cu121 which is incompatible.
torchvision 0.23.0+cu128 requires torch==2.8.0, but you have torch 2.3.1+cu121 which is incompatible.

>>> [5] Dependency còn lại
ERROR: pip's dependency resolver does not currently take into account all the packages that are installed. This behaviour is the source of the following dependency conflicts.
cupy-cuda12x 14.1.1 requires numpy<2.6,>=2.0, but you have numpy 1.26.4 which is incompatible.
rmm-cu12 26.8.0 requires numpy<3.0,>=2.0, but you have numpy 1.26.4 which is incompatible.
pylibraft-cu12 26.8.0 requires numpy<3.0,>=2.0, but you have numpy 1.26.4 which is incompatible.
cudf-cu12 26.8.0 requires numpy<3.0,>=2.0, but you have numpy 1.26.4 which is incompatible.
nvforest-cu12 26.8.0 requires numpy<3.0a0,>=2.0, but you have numpy 1.26.4 which is incompatible.
cuml-cu12 26.8.0 requires numpy<3.0,>=2.0, but you have numpy 1.26.4 which is incompatible.
torchaudio 2.8.0+cu128 requires torch==2.8.0, but you have torch 2.3.1+cu121 which is incompatible.
torchvision 0.23.0+cu128 requires torch==2.8.0, but you have torch 2.3.1+cu121 which is incompatible.

>>> [6] transformers fork (bản đã patch Squeezed Attention)
    transformers 4.40.0.dev0
    /workspace/SA_imp_protocol/SqueezedAttention-simple improve-K-mean-AST/transformers/src/transformers/__init__.py
    [!!] SAI: không phải bản fork trong repo.
         Nguyên nhân hay gặp: đã lỡ chạy pip install -r LongBench/requirements.txt
         (file đó ghim transformers==4.31.0 và ghi đè fork).
         Sửa: pip uninstall -y transformers && pip install -e ./transformers
