=================================================================
=== BAT DAU FULL RUN (n=200 repobench-p) LUC Wed Sep 23 16:08:15 UTC 2026 ===
=== python: /workspace/venv310/bin/python   log: /workspace/logs_full_run_20260923_160815
=================================================================

[1/3 All-KV] Wed Sep 23 16:08:15 UTC 2026 - pred.py
[1/3 All-KV] Wed Sep 23 16:23:32 UTC 2026 - eval.py

  result.json        -> pred/longchat-v1.5-7b-32k_baseline_lim200_runfull200/result.json
  result_detail.json -> pred/longchat-v1.5-7b-32k_baseline_lim200_runfull200/result_detail.json

[2/3 SA-70%] Wed Sep 23 16:23:33 UTC 2026 - pred.py
[2/3 SA-70%] Wed Sep 23 20:24:12 UTC 2026 - eval.py

  result.json        -> pred/longchat-v1.5-7b-32k_PC5_PERC0.7_lim200_runfull200sa/result.json
  result_detail.json -> pred/longchat-v1.5-7b-32k_PC5_PERC0.7_lim200_runfull200sa/result_detail.json

[3/3 class-70%] Wed Sep 23 20:24:13 UTC 2026 - pred.py
[3/3 class-70%] Thu Sep 24 00:22:20 UTC 2026 - eval.py

  result.json        -> pred/longchat-v1.5-7b-32k_PC5_PERC0.7_lim200_runfull200class/result.json
  result_detail.json -> pred/longchat-v1.5-7b-32k_PC5_PERC0.7_lim200_runfull200class/result_detail.json

=================================================================
=== XONG CA 3 CAU HINH LUC Thu Sep 24 00:22:21 UTC 2026 ===
=== Ket qua : /workspace/SA_imp_protocol/SqueezedAttention-simple improve-K-mean-AST/LongBench/pred/longchat-v1.5-7b-32k_*_lim200_runfull200*/
=== VRAM/thoi gian tung mau: <thu muc ket qua>/_logs/repobench-p.stats.jsonl
=== So sanh GHEP CAP bang scripts/compare_runs.py, khong tru hai trung binh
=================================================================
